// Jest Snapshot v1, https://goo.gl/fbAQLP

exports[`upload Util getFailedCount test 1`] = `1`;

exports[`upload Util getUpdateItemID test 1`] = `"1234567"`;

exports[`upload Util getUpdatedIDs test 1`] = `
Array [
  "123456",
  "1234567",
]
`;

exports[`upload Util getUploadData test 1`] = `
Immutable.Upload {
  "wattingQueue": Immutable.List [],
  "uploadedQueue": Immutable.List [
    Immutable.UploadItem {
      "filepath": "fileThreePath",
      "state": "uploaded",
      "id": "123456",
      "name": "fileThree",
    },
    Immutable.UploadItem {
      "filepath": "fileOnePath",
      "state": "uploaded",
      "id": "1234567",
      "name": "fileOne",
    },
  ],
  "failedQueue": Immutable.List [
    Immutable.UploadItem {
      "filepath": "fileTwoPath",
      "state": "failed",
      "id": null,
      "name": "fileTwo",
    },
  ],
  "uploading": false,
  "cancle": false,
  "name": "uploadKey",
}
`;

exports[`upload Util getUploadedCount test 1`] = `2`;

exports[`upload Util getWattingCount test 1`] = `0`;

exports[`upload Util hasAllsccess test 1`] = `false`;
